../Drivers/CMSIS/Include/core_cm4.h:2059:26:ITM_SendChar	16	static,ignoring_inline_asm
../Src/main.c:154:5:main	8	static
../Src/main.c:245:6:SystemClock_Config	96	static
../Src/main.c:296:13:MX_ADC1_Init	32	static
../Src/main.c:355:13:MX_DAC1_Init	48	static
../Src/main.c:406:13:MX_I2C2_Init	8	static
../Src/main.c:454:13:MX_TIM2_Init	40	static
../Src/main.c:499:13:MX_USART2_UART_Init	8	static
../Src/main.c:545:13:MX_DMA_Init	16	static
../Src/main.c:564:13:MX_GPIO_Init	40	static
../Src/main.c:601:5:_write	32	static
../Src/main.c:619:6:Error_Handler	4	static,ignoring_inline_asm
