../Drivers/CMSIS/Include/core_cm4.h:2059:26:ITM_SendChar	16	static,ignoring_inline_asm
../Src/main.c:231:1:__io_putchar	16	static
../Src/main.c:240:5:_write	32	static
../Src/main.c:249:5:KalmanFilterAssemly	40	static
../Src/main.c:268:5:KalmanFilterC	40	static
../Src/main.c:287:6:calculateDifferenceArray	32	static
../Src/main.c:296:7:calculateAverage	24	static
../Src/main.c:305:7:calculateStandardDeviation	40	static
../Src/main.c:318:6:calculateCorrelation	32	static
../Src/main.c:331:6:convolve	32	static
../Src/main.c:345:6:processDataLib	32	static
../Src/main.c:355:6:processDataC	32	static
../Src/main.c:375:5:KalmanFilterLib	48	static
../Src/main.c:407:5:KalmanFilter	32	static
../Src/main.c:430:5:main	5296	static
../Src/main.c:539:6:SystemClock_Config	96	static
../Src/main.c:583:13:MX_USART2_UART_Init	8	static
../Src/main.c:631:13:MX_GPIO_Init	24	static
../Src/main.c:649:6:Error_Handler	4	static,ignoring_inline_asm
