../Drivers/CMSIS/Include/core_cm4.h:2059:26:ITM_SendChar	16	static,ignoring_inline_asm
../Src/main.c:231:1:__io_putchar	16	static
../Src/main.c:240:5:_write	32	static
../Src/main.c:249:5:KalmanFilterAssemly	40	static
../Src/main.c:268:5:KalmanFilterC	40	static
../Src/main.c:287:6:calculateDifferenceArray	32	static
../Src/main.c:296:7:calculateAverage	24	static
../Src/main.c:306:7:calculateStandardDeviation	40	static
../Src/main.c:320:6:calculateCorrelation	64	dynamic
../Src/main.c:343:6:convolve	32	static
../Src/main.c:357:6:processDataLib	32	static
../Src/main.c:367:6:processDataC	32	static
../Src/main.c:387:5:KalmanFilterLib	48	static
../Src/main.c:419:5:KalmanFilter	32	static
../Src/main.c:442:5:main	5296	static
../Src/main.c:551:6:SystemClock_Config	96	static
../Src/main.c:595:13:MX_USART2_UART_Init	8	static
../Src/main.c:643:13:MX_GPIO_Init	24	static
../Src/main.c:661:6:Error_Handler	4	static,ignoring_inline_asm
