../Drivers/CMSIS/Include/core_cm4.h:2059:26:ITM_SendChar	16	static,ignoring_inline_asm
../Src/main.c:231:1:__io_putchar	16	static
../Src/main.c:240:5:_write	32	static
../Src/main.c:249:5:KalmanFilterAssemly	40	static
../Src/main.c:280:5:KalmanFilterC	40	static
../Src/main.c:307:6:calculateDifferenceArray	32	static
../Src/main.c:317:7:calculateAverage	24	static
../Src/main.c:326:7:calculateStandardDeviation	40	static
../Src/main.c:339:6:calculateCorrelation	32	static
../Src/main.c:353:6:convolve	32	static
../Src/main.c:367:6:processDataLib	32	static
../Src/main.c:378:6:processDataC	32	static
../Src/main.c:398:5:KalmanFilterLib	48	static
../Src/main.c:443:5:main	5304	static
../Src/main.c:645:6:SystemClock_Config	96	static
../Src/main.c:689:13:MX_USART2_UART_Init	8	static
../Src/main.c:737:13:MX_GPIO_Init	24	static
../Src/main.c:755:6:Error_Handler	4	static,ignoring_inline_asm
